[1/3] ST名单: 207 只
[2/3] 窗口: 2024-09-09~2026-08-30
  [1/13] 关键词: 非标准
    总量 669 条, 约 7 页
    ST命中: 22 条(去重后)
  [2/13] 关键词: 无法表示意见
    总量 70 条, 约 1 页
    ST命中: 16 条(去重后)
  [3/13] 关键词: 否定意见
    总量 143 条, 约 2 页
    ST命中: 22 条(去重后)
  [4/13] 关键词: 立案
    总量 445 条, 约 5 页
    ST命中: 20 条(去重后)
  [5/13] 关键词: 处罚
    总量 1323 条, 约 14 页
    ST命中: 3 条(去重后)
  [6/13] 关键词: 警示函
    总量 425 条, 约 5 页
    ST命中: 6 条(去重后)
  [7/13] 关键词: 监管函
    总量 2009 条, 约 21 页
    ST命中: 6 条(去重后)
  [8/13] 关键词: 重整
    总量 1768 条, 约 18 页
    ST命中: 24 条(去重后)
  [9/13] 关键词: 重大资产
    总量 7891 条, 约 79 页
    ST命中: 2 条(去重后)
  [10/13] 关键词: 债务豁免
    总量 51 条, 约 1 页
    ST命中: 12 条(去重后)
  [11/13] 关键词: 赠与
    总量 27 条, 约 1 页
    ST命中: 14 条(去重后)
  [12/13] 关键词: 股份冻结
    总量 1585 条, 约 16 页
    ST命中: 7 条(去重后)
  [13/13] 关键词: 限制消费
    总量 17 条, 约 1 页
    ST命中: 9 条(去重后)
[3/3] 已写入 C:\Users\xiaot\WorkBuddy\2026-05-16-task-2\st_risk_flags.json

ST命中公司数: 立案7 处罚3 非标(重)22 冻结6 重整13 资产出售2
完成!
