Total: 209 stocks
A(>65): 17  B(46-65): 131  C(26-45): 60  D(<=25): 1
Score: 22 ~ 75

Top 10 (easiest):
    1. *ST福成       (600965)  75分 A1=3 A2=10 A3=8 C1=6 D1=10 E1=7 F1=10 G1=8 | 保壳难度较低，有望通过主业恢复达标；扣非盈利
    2. *ST清越       (688496)  74分 A1=1 A2=12 A3=8 C1=13 D1=6 E1=5 F1=6 G1=10 | 保壳能力较强，退市概率低；面值退市警戒
    3. *ST元道       (301139)  70分 A1=3 A2=12 A3=8 C1=3 D1=6 E1=5 F1=10 G1=10 | 经营状况改善中，摘帽预期较好；扣非盈利
    4. ST海龙        (000677)  70分 A1=3 A2=10 A3=8 C1=8 D1=8 E1=5 F1=10 G1=10 | 保壳难度较低，有望通过主业恢复达标；扣非盈利
    5. ST云城        (600239)  70分 A1=1 A2=12 A3=8 C1=11 D1=11 E1=5 F1=6 G1=8 | 基本面有支撑，短期退市风险低；面值退市警戒
    6. ST太重        (600169)  69分 A1=3 A2=12 A3=8 C1=6 D1=10 E1=5 F1=10 G1=7 | 保壳难度较低，有望通过主业恢复达标；扣非盈利
    7. ST洲际        (600759)  69分 A1=3 A2=12 A3=8 C1=6 D1=11 E1=5 F1=10 G1=6 | 基本面有支撑，短期退市风险低；扣非盈利
    8. *ST益通       (300430)  68分 A1=0 A2=10 A3=8 C1=3 D1=11 E1=7 F1=6 G1=10 | 经营状况改善中，摘帽预期较好
    9. ST文峰        (601010)  68分 A1=2 A2=12 A3=8 C1=11 D1=6 E1=5 F1=6 G1=10 | 保壳难度较低，有望通过主业恢复达标；面值退市警戒
   10. ST龙元        (600491)  68分 A1=0 A2=12 A3=8 C1=8 D1=11 E1=5 F1=6 G1=10 | 基本面有支撑，短期退市风险低

Bottom 10 (hardest):
  200. *ST英飞       (002528)  35分 A1=1 A2=6 A3=1 C1=1 D1=2 E1=5 F1=6 G1=0 | 营收/净资产存疑，需持续跟踪季报变化；资不抵债
  201. ST宁科        (600165)  35分 A1=1 A2=6 A3=8 C1=3 D1=0 E1=3 F1=6 G1=0 | 经营恢复不确定性高，需重大重组支撑
  202. *ST亚士       (603378)  33分 A1=0 A2=6 A3=2 C1=1 D1=2 E1=3 F1=6 G1=0 | 各项风险指标偏高，保壳难度较大；资不抵债
  203. *ST康乐       (920575)  33分 A1=0 A2=0 A3=4 C1=1 D1=5 E1=5 F1=0 G1=5 | 各项风险指标偏高，保壳难度较大
  204. *ST美芝       (002856)  33分 A1=1 A2=6 A3=2 C1=0 D1=0 E1=5 F1=6 G1=0 | 营收/净资产存疑，需持续跟踪季报变化；资不抵债
  205. *ST高科       (600730)  33分 A1=2 A2=0 A3=8 C1=1 D1=0 E1=5 F1=4 G1=0 | 营收/净资产存疑，需持续跟踪季报变化
  206. ST京蓝        (000711)  32分 A1=1 A2=6 A3=7 C1=1 D1=0 E1=3 F1=6 G1=0 | 各项风险指标偏高，保壳难度较大
  207. *ST中迪       (000609)  32分 A1=1 A2=2 A3=1 C1=0 D1=10 E1=5 F1=0 G1=0 | 经营恢复不确定性高，需重大重组支撑；资不抵债
  208. ST华扬        (603825)  26分 A1=0 A2=10 A3=1 C1=1 D1=0 E1=0 F1=6 G1=0 | 营收/净资产存疑，需持续跟踪季报变化；资不抵债
  209. *ST泉为       (300716)  22分 A1=1 A2=0 A3=1 C1=0 D1=0 E1=7 F1=0 G1=0 | 极高退市风险，多项指标触发退市预警；资不抵债

[DONE] st_scores.json
Generated baokeng-rank.html (57705 bytes)
============================================================
 保壳风云榜 · 每周五自动更新
 日期: 2026-08-21
============================================================

[1/8] 访问深交所/上交所风险警示板页面确认可达性...
  深交所页面片段: 风险警示板列表             </h2>           </div>           <div class="report-container" data-s-catalog-id="fxjsb" data-s-data
  上交所页面片段: 访问失败: HTTP Error 404: Not Found

[2/8] 从国证 ST 板块成分股页面获取最新 ST/*ST 名单...
  数据源: https://webf10.gw.com.cn/BK/B4/SH994429_B4.html
  页面解析: 206 只成分股

  📌 保留 B 股: 3 只 (200016, 200056, 200488)

[3/8] 对比新旧名单...
  维持: 209 只 | 新增: 0 只 | 移除: 0 只

[4/8] 从新浪财经API获取实时价格与完整简称...
  新浪批次 1/2: 200只
  新浪批次 2/2: 9只
  新浪价格数据: 209/209 只

[5/8] 从腾讯财经API获取总市值（亿元）...
  腾讯市值批次 1/6: 40/40 只
  腾讯市值批次 2/6: 40/40 只
  腾讯市值批次 3/6: 40/40 只
  腾讯市值批次 4/6: 40/40 只
  腾讯市值批次 5/6: 40/40 只
  腾讯市值批次 6/6: 9/9 只
  市值数据: 209/209 只

  已保存 st_names.json (209 只)
  已保存 st_market_data.json

[6/8] 运行 build_baokeng.py 评分...

[7/8] 运行 generate_html.py 生成HTML...

============================================================
 ✅ 更新完成!
   覆盖公司: 209 家
   行情数据: 209/209 只
   新浪价格: 209/209 只
   市值数据: 209/209 只
   A级(>65): 17  B级(46-65): 131  C级(26-45): 60  D级(≤25): 1
   新增: 0 只 | 移除: 0 只
   HTML: C:\Users\xiaot\WorkBuddy\2026-05-16-task-2\baokeng-rank.html
============================================================

  变更报告: weekly_changes.json
